// Jest Snapshot v1, https://goo.gl/fbAQLP

exports[`renders the Header component correctly 1`] = `
<div>
  <header
    class="headerAll"
  >
    <nav>
      <div>
        <a
          href="/"
        >
          <img
            alt="logo-header"
            class="headerLogo"
            src="logo-header.png"
          />
        </a>
      </div>
      <ul
        class="navbarList"
      >
        <a
          class="linkStyle"
          href="/"
        >
          <li
            class="navContent"
          >
            Home
          </li>
        </a>
        <a
          class="linkStyle"
          href="/allbooks"
        >
          <li
            class="navContent"
          >
            All Books
          </li>
        </a>
        <a
          class="linkStyle"
          href="/aboutus"
        >
          <li
            class="navContent"
          >
            About Us
          </li>
        </a>
        <a
          class="linkStyle"
          href="/contactus"
        >
          <li
            class="navContent"
          >
            Contact Us
          </li>
        </a>
      </ul>
    </nav>
  </header>
</div>
`;
